Archive member included because of file (symbol)

c:/program files (x86)/atmel/studio/7.0/toolchain/avr32/avr32-gnu-toolchain/bin/../lib/gcc/avr32/4.4.7/../../../../avr32/lib/ucr1\libc.a(lib_a-ctype_.o)
                              src/asf/avr32/services/fs/fat/navigation.o (__ctype_ptr)
c:/program files (x86)/atmel/studio/7.0/toolchain/avr32/avr32-gnu-toolchain/bin/../lib/gcc/avr32/4.4.7/../../../../avr32/lib/ucr1\libc.a(lib_a-memcmp.o)
                              src/asf/avr32/services/fs/fat/fat_unusual.o (memcmp)
c:/program files (x86)/atmel/studio/7.0/toolchain/avr32/avr32-gnu-toolchain/bin/../lib/gcc/avr32/4.4.7/../../../../avr32/lib/ucr1\libc.a(lib_a-memcpy.o)
                              src/asf/avr32/services/fs/fat/fat.o (memcpy)
c:/program files (x86)/atmel/studio/7.0/toolchain/avr32/avr32-gnu-toolchain/bin/../lib/gcc/avr32/4.4.7/../../../../avr32/lib/ucr1\libc.a(lib_a-memset.o)
                              src/asf/avr32/services/fs/fat/fat.o (memset)

Allocating common symbols
Common symbol       size              file

g_segment_dest      0xc               src/asf/avr32/services/fs/fat/navigation.o
fs_gu32_addrsector  0x4               src/asf/avr32/services/fs/fat/fat.o
fs_g_nav_entry      0x10              src/asf/avr32/services/fs/fat/fat.o
pid                 0x2               src/main.o
fs_g_u16_pos_fat    0x2               src/asf/avr32/services/fs/fat/fat.o
data_mem            0x201             src/asf/avr32/components/memory/sd_mmc/sd_mmc_spi/sd_mmc_spi.o
g_b_no_check_disk   0x1               src/asf/avr32/services/fs/fat/fat.o
fs_g_cache_clusterlist
                    0x28              src/asf/avr32/services/fs/fat/fat.o
g_segment_src       0xc               src/asf/avr32/services/fs/fat/navigation.o
fs_g_u32_last_mod_fat
                    0x4               src/asf/avr32/services/fs/fat/fat.o
fs_g_sector         0x200             src/asf/avr32/services/fs/fat/fat.o
capacity            0x4               src/asf/avr32/components/memory/sd_mmc/sd_mmc_spi/sd_mmc_spi.o
fs_g_nav            0x34              src/asf/avr32/services/fs/fat/fat.o
fs_g_u32_first_mod_fat
                    0x4               src/asf/avr32/services/fs/fat/fat.o
fs_g_navext_entry   0x10              src/asf/avr32/services/fs/fat/fat.o
fs_g_navext_fast    0x4               src/asf/avr32/services/fs/fat/fat.o
fs_g_nav_fast       0x4               src/asf/avr32/services/fs/fat/fat.o
fs_g_u8_nav_selected
                    0x1               src/asf/avr32/services/fs/fat/navigation.o
fs_g_status         0x1               src/asf/avr32/services/fs/fat/fat.o
g_b_string_length   0x1               src/asf/avr32/services/fs/fat/fat.o
fs_g_u8_current_cache
                    0x1               src/asf/avr32/services/fs/fat/fat.o
fs_s_u32_size_partition
                    0x4               src/asf/avr32/services/fs/fat/fat_unusual.o
vid                 0x2               src/main.o
capacity_mult       0x2               src/asf/avr32/components/memory/sd_mmc/sd_mmc_spi/sd_mmc_spi.o
udd_g_ctrlreq       0x18              src/asf/avr32/drivers/usbb/usbb_device.o
fs_g_navext         0x34              src/asf/avr32/services/fs/fat/fat.o
fs_g_sectorcache    0x14              src/asf/avr32/services/fs/fat/fat.o
sleepmgr_locks      0x7               src/asf/common/services/sleepmgr/uc3/sleepmgr.o
g_b_unicode         0x1               src/asf/avr32/services/fs/fat/fat.o
fs_g_cluster        0x8               src/asf/avr32/services/fs/fat/fat.o
fs_g_seg            0x8               src/asf/avr32/services/fs/fat/fat.o
erase_group_size    0x2               src/asf/avr32/components/memory/sd_mmc/sd_mmc_spi/sd_mmc_spi.o
sd_mmc_spi_last_block_address
                    0x4               src/asf/avr32/components/memory/sd_mmc/sd_mmc_spi/sd_mmc_spi.o
r2                  0x2               src/asf/avr32/components/memory/sd_mmc/sd_mmc_spi/sd_mmc_spi.o
card_type           0x1               src/asf/avr32/components/memory/sd_mmc/sd_mmc_spi/sd_mmc_spi.o
csd                 0x10              src/asf/avr32/components/memory/sd_mmc/sd_mmc_spi/sd_mmc_spi.o
r1                  0x1               src/asf/avr32/components/memory/sd_mmc/sd_mmc_spi/sd_mmc_spi.o

Discarded input sections

 .text          0x00000000        0x0 src/asf/avr32/boards/evk1101/init.o
 .data          0x00000000        0x0 src/asf/avr32/boards/evk1101/init.o
 .bss           0x00000000        0x0 src/asf/avr32/boards/evk1101/init.o
 .text          0x00000000        0x0 src/asf/avr32/boards/evk1101/led.o
 .data          0x00000000        0x0 src/asf/avr32/boards/evk1101/led.o
 .bss           0x00000000        0x0 src/asf/avr32/boards/evk1101/led.o
 .text.LED_Read_Display
                0x00000000        0xc src/asf/avr32/boards/evk1101/led.o
 .text.LED_Display
                0x00000000       0x54 src/asf/avr32/boards/evk1101/led.o
 .text.LED_Read_Display_Mask
                0x00000000        0xc src/asf/avr32/boards/evk1101/led.o
 .text.LED_Test
[...]
Memory Configuration

Name             Origin             Length             Attributes
FLASH            0x80000000         0x00040000         axrl !w
INTRAM           0x00000004         0x00007ffc         axw !rl
USERPAGE         0x80800000         0x00000200
*default*        0x00000000         0xffffffff

Linker script and memory map

                0x00001000                _stack_size = 0x1000
LOAD src/asf/avr32/boards/evk1101/init.o
LOAD src/asf/avr32/boards/evk1101/led.o
LOAD src/asf/avr32/components/memory/sd_mmc/sd_mmc_spi/sd_mmc_spi.o
LOAD src/asf/avr32/components/memory/sd_mmc/sd_mmc_spi/sd_mmc_spi_mem.o
LOAD src/asf/avr32/drivers/flashc/flashc.o
LOAD src/asf/avr32/drivers/gpio/gpio.o
LOAD src/asf/avr32/drivers/intc/exception.o
LOAD src/asf/avr32/drivers/intc/intc.o
LOAD src/asf/avr32/drivers/pm/pm.o
LOAD src/asf/avr32/drivers/pm/pm_conf_clocks.o
LOAD src/asf/avr32/drivers/pm/power_clocks_lib.o
LOAD src/asf/avr32/drivers/spi/spi.o
LOAD src/asf/avr32/drivers/usbb/usbb_device.o
LOAD src/asf/avr32/services/fs/fat/fat.o
LOAD src/asf/avr32/services/fs/fat/fat_unusual.o
LOAD src/asf/avr32/services/fs/fat/file.o
LOAD src/asf/avr32/services/fs/fat/navigation.o
LOAD src/asf/avr32/utils/startup/startup_uc3.o
LOAD src/asf/avr32/utils/startup/trampoline_uc3.o
LOAD src/asf/common/services/clock/uc3b0_b1/sysclk.o
LOAD src/asf/common/services/sleepmgr/uc3/sleepmgr.o
LOAD src/asf/common/services/storage/ctrl_access/ctrl_access.o
LOAD src/asf/common/services/usb/class/hid/device/kbd/udi_hid_kbd.o
LOAD src/asf/common/services/usb/class/hid/device/kbd/udi_hid_kbd_desc.o
LOAD src/asf/common/services/usb/class/hid/device/udi_hid.o
LOAD src/asf/common/services/usb/udc/udc.o
LOAD src/main.o
START GROUP
LOAD c:/program files (x86)/atmel/studio/7.0/toolchain/avr32/avr32-gnu-toolchain/bin/../lib/gcc/avr32/4.4.7/../../../../avr32/lib/ucr1\libm.a
END GROUP
LOAD c:/program files (x86)/atmel/studio/7.0/toolchain/avr32/avr32-gnu-toolchain/bin/../lib/gcc/avr32/4.4.7/ucr1\libgcc.a
LOAD c:/program files (x86)/atmel/studio/7.0/toolchain/avr32/avr32-gnu-toolchain/bin/../lib/gcc/avr32/4.4.7/../../../../avr32/lib/ucr1\libc.a
LOAD c:/program files (x86)/atmel/studio/7.0/toolchain/avr32/avr32-gnu-toolchain/bin/../lib/gcc/avr32/4.4.7/ucr1\libgcc.a
                0xffffffff                __max_heap_size__ = 0xffffffff
                [0xffffffff]                __heap_size__ = DEFINED (__heap_size__)?__heap_size__:__max_heap_size__
                [0x00001000]                __stack_size__ = DEFINED (__stack_size__)?__stack_size__:0x1000
                0x80000000                PROVIDE (__executable_start, 0x80000000)
                0x80000000                . = 0x80000000

.interp
 *(.interp)

.reset          0x80000000     0x2004
 *(.reset)
 .reset         0x80000000     0x2004 src/asf/avr32/utils/startup/trampoline_uc3.o
                               0x2008 (size before relaxing)
                0x80000000                _trampoline

.hash
 *(.hash)

.dynsym
 *(.dynsym)

.dynstr
 *(.dynstr)

.gnu.version
 *(.gnu.version)

.gnu.version_d
 *(.gnu.version_d)

.gnu.version_r
 *(.gnu.version_r)

.rel.init
 *(.rel.init)

.rela.init
 *(.rela.init)

.rel.text
 *(.rel.text .rel.text.* .rel.gnu.linkonce.t.*)

.rela.text
 *(.rela.text .rela.text.* .rela.gnu.linkonce.t.*)

.rel.fini
 *(.rel.fini)

.rela.fini
 *(.rela.fini)

.rel.rodata
 *(.rel.rodata .rel.rodata.* .rel.gnu.linkonce.r.*)

.rela.rodata
 *(.rela.rodata .rela.rodata.* .rela.gnu.linkonce.r.*)

.rel.data.rel.ro
 *(.rel.data.rel.ro*)

.rela.data.rel.ro
 *(.rel.data.rel.ro*)

.rel.data
 *(.rel.data .rel.data.* .rel.gnu.linkonce.d.*)

.rela.data
 *(.rela.data .rela.data.* .rela.gnu.linkonce.d.*)

.rel.tdata
 *(.rel.tdata .rel.tdata.* .rel.gnu.linkonce.td.*)

.rela.tdata
 *(.rela.tdata .rela.tdata.* .rela.gnu.linkonce.td.*)

.rel.tbss
 *(.rel.tbss .rel.tbss.* .rel.gnu.linkonce.tb.*)

.rela.tbss
 *(.rela.tbss .rela.tbss.* .rela.gnu.linkonce.tb.*)

.rel.ctors
 *(.rel.ctors)

.rela.ctors
 *(.rela.ctors)

.rel.dtors
 *(.rel.dtors)

.rela.dtors
 *(.rela.dtors)

.rel.got
 *(.rel.got)

.rela.got       0x80002004        0x0
 *(.rela.got)
 .rela.got      0x80002004        0x0 src/asf/avr32/drivers/flashc/flashc.o

.rel.bss
 *(.rel.bss .rel.bss.* .rel.gnu.linkonce.b.*)

.rela.bss
 *(.rela.bss .rela.bss.* .rela.gnu.linkonce.b.*)

.rel.plt
 *(.rel.plt)

.rela.plt
 *(.rela.plt)

.init
 *(.init)

.plt
 *(.plt)

.text           0x80002004     0x5de8
 *(.text .stub .text.* .gnu.linkonce.t.*)
 .text.board_init
                0x80002004       0x58 src/asf/avr32/boards/evk1101/init.o
                0x80002004                board_init
 .text.LED_Set_Intensity
                0x8000205c       0xa0 src/asf/avr32/boards/evk1101/led.o
                0x8000205c                LED_Set_Intensity
 .text.LED_On   0x800020fc       0x50 src/asf/avr32/boards/evk1101/led.o
                0x800020fc                LED_On
 .text.LED_Off  0x8000214c       0x54 src/asf/avr32/boards/evk1101/led.o
                0x8000214c                LED_Off
 .text.sd_mmc_spi_get_capacity
                0x800021a0      0x108 src/asf/avr32/components/memory/sd_mmc/sd_mmc_spi/sd_mmc_spi.o
                0x800021a0                sd_mmc_spi_get_capacity
 .text.sd_mmc_spi_write_close
                0x800022a8        0x2 src/asf/avr32/components/memory/sd_mmc/sd_mmc_spi/sd_mmc_spi.o
                0x800022a8                sd_mmc_spi_write_close
 *fill*         0x800022aa        0x2 d703d703
 .text.sd_mmc_spi_send_and_read
                0x800022ac       0x34 src/asf/avr32/components/memory/sd_mmc/sd_mmc_spi/sd_mmc_spi.o
                0x800022ac                sd_mmc_spi_send_and_read
 .text.sd_mmc_spi_wait_not_busy
                0x800022e0       0x58 src/asf/avr32/components/memory/sd_mmc/sd_mmc_spi/sd_mmc_spi.o
                0x800022e0                sd_mmc_spi_wait_not_busy
 .text.sd_mmc_spi_write_open
                0x80002338       0x18 src/asf/avr32/components/memory/sd_mmc/sd_mmc_spi/sd_mmc_spi.o
                0x80002338                sd_mmc_spi_write_open
 .text.sd_mmc_spi_read_close
                0x80002350       0x10 src/asf/avr32/components/memory/sd_mmc/sd_mmc_spi/sd_mmc_spi.o
                0x80002350                sd_mmc_spi_read_close
 .text.sd_mmc_spi_read_open
                0x80002360       0x18 src/asf/avr32/components/memory/sd_mmc/sd_mmc_spi/sd_mmc_spi.o
                0x80002360                sd_mmc_spi_read_open
 .text.sd_mmc_spi_command
                0x80002378       0xc8 src/asf/avr32/components/memory/sd_mmc/sd_mmc_spi/sd_mmc_spi.o
                0x80002378                sd_mmc_spi_command
 .text.sd_mmc_spi_send_command
                0x80002440       0x40 src/asf/avr32/components/memory/sd_mmc/sd_mmc_spi/sd_mmc_spi.o
                0x80002440                sd_mmc_spi_send_command
 .text.sd_mmc_spi_check_presence
                0x80002480       0x7c src/asf/avr32/components/memory/sd_mmc/sd_mmc_spi/sd_mmc_spi.o
                0x80002480                sd_mmc_spi_check_presence
 .text.sd_mmc_spi_write_sector_from_ram
                0x800024fc      0x14c src/asf/avr32/components/memory/sd_mmc/sd_mmc_spi/sd_mmc_spi.o
                0x800024fc                sd_mmc_spi_write_sector_from_ram
 .text.sd_mmc_spi_check_hc
                0x80002648       0x8c src/asf/avr32/components/memory/sd_mmc/sd_mmc_spi/sd_mmc_spi.o
                0x80002648                sd_mmc_spi_check_hc
 .text.sd_mmc_spi_get_if
                0x800026d4       0xb8 src/asf/avr32/components/memory/sd_mmc/sd_mmc_spi/sd_mmc_spi.o
                0x800026d4                sd_mmc_spi_get_if
 .text.sd_mmc_spi_read_sector_to_ram
                0x8000278c      0x150 src/asf/avr32/components/memory/sd_mmc/sd_mmc_spi/sd_mmc_spi.o
                0x8000278c                sd_mmc_spi_read_sector_to_ram
 .text.sd_mmc_spi_get_csd
                0x800028dc       0xf4 src/asf/avr32/components/memory/sd_mmc/sd_mmc_spi/sd_mmc_spi.o
                0x800028dc                sd_mmc_spi_get_csd
 .text.sd_mmc_spi_internal_init
                0x800029d0      0x2a8 src/asf/avr32/components/memory/sd_mmc/sd_mmc_spi/sd_mmc_spi.o
                0x800029d0                sd_mmc_spi_internal_init
 .text.sd_mmc_spi_mem_check
                0x80002c78       0x30 src/asf/avr32/components/memory/sd_mmc/sd_mmc_spi/sd_mmc_spi.o
                0x80002c78                sd_mmc_spi_mem_check
 .text.sd_mmc_spi_init
                0x80002ca8       0x34 src/asf/avr32/components/memory/sd_mmc/sd_mmc_spi/sd_mmc_spi.o
                0x80002ca8                sd_mmc_spi_init
 .text.sd_mmc_spi_wr_protect
                0x80002cdc        0x2 src/asf/avr32/components/memory/sd_mmc/sd_mmc_spi/sd_mmc_spi_mem.o
                0x80002cdc                sd_mmc_spi_wr_protect
 .text.sd_mmc_spi_removal
                0x80002cde        0x2 src/asf/avr32/components/memory/sd_mmc/sd_mmc_spi/sd_mmc_spi_mem.o
                0x80002cde                sd_mmc_spi_removal
 .text.sd_mmc_spi_test_unit_ready
                0x80002ce0       0x78 src/asf/avr32/components/memory/sd_mmc/sd_mmc_spi/sd_mmc_spi_mem.o
                0x80002ce0                sd_mmc_spi_test_unit_ready
 .text.sd_mmc_spi_mem_init
                0x80002d58        0xc src/asf/avr32/components/memory/sd_mmc/sd_mmc_spi/sd_mmc_spi_mem.o
                0x80002d58                sd_mmc_spi_mem_init
 .text.sd_mmc_spi_ram_2_mem
                0x80002d64       0x68 src/asf/avr32/components/memory/sd_mmc/sd_mmc_spi/sd_mmc_spi_mem.o
                0x80002d64                sd_mmc_spi_ram_2_mem
 .text.sd_mmc_spi_mem_2_ram
                0x80002dcc       0x64 src/asf/avr32/components/memory/sd_mmc/sd_mmc_spi/sd_mmc_spi_mem.o
                0x80002dcc                sd_mmc_spi_mem_2_ram
 .text.sd_mmc_spi_read_capacity
                0x80002e30       0x40 src/asf/avr32/components/memory/sd_mmc/sd_mmc_spi/sd_mmc_spi_mem.o
                0x80002e30                sd_mmc_spi_read_capacity
 .text.flashc_set_wait_state
                0x80002e70        0xe src/asf/avr32/drivers/flashc/flashc.o
                0x80002e70                flashc_set_wait_state
 *fill*         0x80002e7e        0x2 d703d703
 .text.flashc_set_bus_freq
                0x80002e80       0x24 src/asf/avr32/drivers/flashc/flashc.o
                0x80002e80                flashc_set_bus_freq
 .text.gpio_enable_module_pin
                0x80002ea4       0x52 src/asf/avr32/drivers/gpio/gpio.o
                0x80002ea4                gpio_enable_module_pin
 *fill*         0x80002ef6        0x2 d703d703
 .text.gpio_enable_module
                0x80002ef8       0x30 src/asf/avr32/drivers/gpio/gpio.o
                0x80002ef8                gpio_enable_module
 .text.gpio_configure_pin
                0x80002f28       0xb8 src/asf/avr32/drivers/gpio/gpio.o
                0x80002f28                gpio_configure_pin
 .text.gpio_get_pin_value
                0x80002fe0       0x16 src/asf/avr32/drivers/gpio/gpio.o
                0x80002fe0                gpio_get_pin_value
 .text._unhandled_interrupt
                0x80002ff6        0x2 src/asf/avr32/drivers/intc/intc.o
 .text.INTC_register_interrupt
                0x80002ff8       0x30 src/asf/avr32/drivers/intc/intc.o
                0x80002ff8                INTC_register_interrupt
 .text.INTC_init_interrupts
                0x80003028       0x54 src/asf/avr32/drivers/intc/intc.o
                0x80003028                INTC_init_interrupts
 .text._get_interrupt_handler
                0x8000307c       0x38 src/asf/avr32/drivers/intc/intc.o
                0x8000307c                _get_interrupt_handler
 .text.getBaudDiv
                0x800030b4       0x1a src/asf/avr32/drivers/spi/spi.o
                0x800030b4                getBaudDiv
 .text.spi_initMaster
                0x800030ce       0x38 src/asf/avr32/drivers/spi/spi.o
                0x800030ce                spi_initMaster
 .text.spi_selectionMode
                0x80003106       0x2c src/asf/avr32/drivers/spi/spi.o
                0x80003106                spi_selectionMode
 .text.spi_selectChip
                0x80003132       0x4c src/asf/avr32/drivers/spi/spi.o
                0x80003132                spi_selectChip
 .text.spi_unselectChip
                0x8000317e       0x28 src/asf/avr32/drivers/spi/spi.o
                0x8000317e                spi_unselectChip
 *fill*         0x800031a6        0x2 d703d703
 .text.spi_setupChipReg
                0x800031a8       0xb8 src/asf/avr32/drivers/spi/spi.o
                0x800031a8                spi_setupChipReg
 .text.spi_enable
                0x80003260        0x6 src/asf/avr32/drivers/spi/spi.o
                0x80003260                spi_enable
 .text.spi_write
                0x80003266       0x1c src/asf/avr32/drivers/spi/spi.o
                0x80003266                spi_write
 .text.spi_read
                0x80003282       0x20 src/asf/avr32/drivers/spi/spi.o
                0x80003282                spi_read
 .text.udd_set_address
                0x800032a2       0x22 src/asf/avr32/drivers/usbb/usbb_device.o
                0x800032a2                udd_set_address
 .text.udd_getaddress
                0x800032c4        0xc src/asf/avr32/drivers/usbb/usbb_device.o
                0x800032c4                udd_getaddress
 .text.udd_get_frame_number
                0x800032d0        0xc src/asf/avr32/drivers/usbb/usbb_device.o
                0x800032d0                udd_get_frame_number
 .text.udd_set_setup_payload
                0x800032dc        0xc src/asf/avr32/drivers/usbb/usbb_device.o
                0x800032dc                udd_set_setup_payload
 .text.udd_ep_is_halted
                0x800032e8       0x12 src/asf/avr32/drivers/usbb/usbb_device.o
                0x800032e8                udd_ep_is_halted
 *fill*         0x800032fa        0x2 d703d703
 .text.udd_ep_clear_halt
                0x800032fc       0x64 src/asf/avr32/drivers/usbb/usbb_device.o
                0x800032fc                udd_ep_clear_halt
 .text.udd_ctrl_stall_data
                0x80003360       0x18 src/asf/avr32/drivers/usbb/usbb_device.o
 .text.udd_ctrl_endofrequest
                0x80003378       0x14 src/asf/avr32/drivers/usbb/usbb_device.o
 .text.udd_ep_finish_job
                0x8000338c       0x20 src/asf/avr32/drivers/usbb/usbb_device.o
 .text.udd_ep_abort_job
                0x800033ac       0x20 src/asf/avr32/drivers/usbb/usbb_device.o
 .text.udd_ep_set_halt
                0x800033cc       0x5c src/asf/avr32/drivers/usbb/usbb_device.o
                0x800033cc                udd_ep_set_halt
 .text.udd_ep_free
                0x80003428       0x30 src/asf/avr32/drivers/usbb/usbb_device.o
                0x80003428                udd_ep_free
 .text.udd_ep_run
                0x80003458      0x10c src/asf/avr32/drivers/usbb/usbb_device.o
                0x80003458                udd_ep_run
 .text.udd_sleep_mode
                0x80003564       0x50 src/asf/avr32/drivers/usbb/usbb_device.o
 .text.udd_ctrl_init
                0x800035b4       0x34 src/asf/avr32/drivers/usbb/usbb_device.o
 .text.udd_ctrl_send_zlp_in
                0x800035e8       0x2c src/asf/avr32/drivers/usbb/usbb_device.o
 .text.udd_ctrl_in_sent
                0x80003614      0x13c src/asf/avr32/drivers/usbb/usbb_device.o
 .text.udd_ep_alloc
                0x80003750      0x102 src/asf/avr32/drivers/usbb/usbb_device.o
                0x80003750                udd_ep_alloc
 .text.udd_reset_ep_ctrl
                0x80003852       0x6a src/asf/avr32/drivers/usbb/usbb_device.o
 .text.udd_attach
                0x800038bc       0x78 src/asf/avr32/drivers/usbb/usbb_device.o
                0x800038bc                udd_attach
 .text.udd_enable
                0x80003934       0xf8 src/asf/avr32/drivers/usbb/usbb_device.o
                0x80003934                udd_enable
 .text.udd_interrupt
                0x80003a2c      0x550 src/asf/avr32/drivers/usbb/usbb_device.o
 .text.fat_check_open
                0x80003f7c       0x20 src/asf/avr32/services/fs/fat/fat.o
                0x80003f7c                fat_check_open
 .text.fat_check_select
                0x80003f9c       0x20 src/asf/avr32/services/fs/fat/fat.o
                0x80003f9c                fat_check_select
 .text.fat_check_is_file
                0x80003fbc       0x1c src/asf/avr32/services/fs/fat/fat.o
                0x80003fbc                fat_check_is_file
 .text.fat_checkcluster
                0x80003fd8       0x60 src/asf/avr32/services/fs/fat/fat.o
                0x80003fd8                fat_checkcluster
 .text.fat_cache_clusterlist_reset
                0x80004038       0x28 src/asf/avr32/services/fs/fat/fat.o
                0x80004038                fat_cache_clusterlist_reset
 .text.fat_cache_clusterlist_update_start
                0x80004060       0x48 src/asf/avr32/services/fs/fat/fat.o
                0x80004060                fat_cache_clusterlist_update_start
 .text.fat_cache_clusterlist_update_select
                0x800040a8       0x68 src/asf/avr32/services/fs/fat/fat.o
                0x800040a8                fat_cache_clusterlist_update_select
 .text.fat_cache_clusterlist_update_finish
                0x80004110       0x58 src/asf/avr32/services/fs/fat/fat.o
                0x80004110                fat_cache_clusterlist_update_finish
 .text.fat_cache_clusterlist_update_read
                0x80004168      0x124 src/asf/avr32/services/fs/fat/fat.o
                0x80004168                fat_cache_clusterlist_update_read
 .text.fat_entry_is_dir
                0x8000428c       0x18 src/asf/avr32/services/fs/fat/fat.o
                0x8000428c                fat_entry_is_dir
 .text.fat_clear_entry_info_and_ptr
                0x800042a4       0x3c src/asf/avr32/services/fs/fat/fat.o
                0x800042a4                fat_clear_entry_info_and_ptr
 .text.fat_check_eof_name
                0x800042e0       0x26 src/asf/avr32/services/fs/fat/fat.o
                0x800042e0                fat_check_eof_name
 *fill*         0x80004306        0x2 d703d703
 .text.fat_get_ptr_entry
                0x80004308       0x18 src/asf/avr32/services/fs/fat/fat.o
                0x80004308                fat_get_ptr_entry
 .text.fat_entry_longname
                0x80004320      0x1b0 src/asf/avr32/services/fs/fat/fat.o
                0x80004320                fat_entry_longname
 .text.fat_entry_shortname
                0x800044d0      0x118 src/asf/avr32/services/fs/fat/fat.o
                0x800044d0                fat_entry_shortname
 .text.fat_get_entry_info
                0x800045e8       0x48 src/asf/avr32/services/fs/fat/fat.o
                0x800045e8                fat_get_entry_info
 .text.fat_entry_check
                0x80004630       0x68 src/asf/avr32/services/fs/fat/fat.o
                0x80004630                fat_entry_check
 .text.fat_cache_reset
                0x80004698       0x18 src/asf/avr32/services/fs/fat/fat.o
                0x80004698                fat_cache_reset
 .text.fat_cache_mark_sector_as_dirty
                0x800046b0       0x10 src/asf/avr32/services/fs/fat/fat.o
                0x800046b0                fat_cache_mark_sector_as_dirty
 .text.fat_write_entry_file
                0x800046c0       0x50 src/asf/avr32/services/fs/fat/fat.o
                0x800046c0                fat_write_entry_file
 .text.fat_check_nav_access_file
                0x80004710       0x78 src/asf/avr32/services/fs/fat/fat.o
                0x80004710                fat_check_nav_access_file
 .text.fat_invert_nav
                0x80004788       0xdc src/asf/avr32/services/fs/fat/fat.o
                0x80004788                fat_invert_nav
 .text.fat_cache_flush
                0x80004864       0x54 src/asf/avr32/services/fs/fat/fat.o
                0x80004864                fat_cache_flush
 .text.fat_cache_clear
                0x800048b8       0x18 src/asf/avr32/services/fs/fat/fat.o
                0x800048b8                fat_cache_clear
 .text.fat_cache_read_sector
                0x800048d0       0x80 src/asf/avr32/services/fs/fat/fat.o
                0x800048d0                fat_cache_read_sector
 .text.fat_cluster_readnext
                0x80004950       0x94 src/asf/avr32/services/fs/fat/fat.o
                0x80004950                fat_cluster_readnext
 .text.fat_cluster_val
                0x800049e4      0x244 src/asf/avr32/services/fs/fat/fat.o
                0x800049e4                fat_cluster_val
 .text.fat_cluster_list
                0x80004c28      0x2d8 src/asf/avr32/services/fs/fat/fat.o
                0x80004c28                fat_cluster_list
 .text.fat_read_dir
                0x80004f00       0x84 src/asf/avr32/services/fs/fat/fat.o
                0x80004f00                fat_read_dir
 .text.fat_read_file
                0x80004f84       0xdc src/asf/avr32/services/fs/fat/fat.o
                0x80004f84                fat_read_file
 .text.fat_check_device
                0x80005060       0xb8 src/asf/avr32/services/fs/fat/fat.o
                0x80005060                fat_check_device
 .text.fat_check_noopen
                0x80005118       0x3c src/asf/avr32/services/fs/fat/fat.o
                0x80005118                fat_check_noopen
 .text.fat_check_mount
                0x80005154       0x38 src/asf/avr32/services/fs/fat/fat.o
                0x80005154                fat_check_mount
 .text.fat_check_mount_select
                0x8000518c       0x18 src/asf/avr32/services/fs/fat/fat.o
                0x8000518c                fat_check_mount_select
 .text.fat_check_mount_select_open
                0x800051a4       0x24 src/asf/avr32/services/fs/fat/fat.o
                0x800051a4                fat_check_mount_select_open
 .text.fat_check_mount_select_noopen
                0x800051c8       0x24 src/asf/avr32/services/fs/fat/fat.o
                0x800051c8                fat_check_mount_select_noopen
 .text.fat_check_mount_noopen
                0x800051ec       0x18 src/asf/avr32/services/fs/fat/fat.o
                0x800051ec                fat_check_mount_noopen
 .text.fat_translate_char_shortname
                0x80005204       0x4c src/asf/avr32/services/fs/fat/fat_unusual.o
                0x80005204                fat_translate_char_shortname
 .text.fat_clear_info_fat_mod
                0x80005250       0x18 src/asf/avr32/services/fs/fat/fat_unusual.o
                0x80005250                fat_clear_info_fat_mod
 .text.fat_clear_cluster
                0x80005268       0x74 src/asf/avr32/services/fs/fat/fat_unusual.o
                0x80005268                fat_clear_cluster
 .text.fat_update_fat2
                0x800052dc       0x74 src/asf/avr32/services/fs/fat/fat_unusual.o
                0x800052dc                fat_update_fat2
 .text.fat_initialize_dir
                0x80005350       0x98 src/asf/avr32/services/fs/fat/fat_unusual.o
                0x80005350                fat_initialize_dir
 .text.fat_create_long_name_entry
                0x800053e8       0xd0 src/asf/avr32/services/fs/fat/fat_unusual.o
                0x800053e8                fat_create_long_name_entry
 .text.fat_delete_file
                0x800054b8       0x8c src/asf/avr32/services/fs/fat/fat_unusual.o
                0x800054b8                fat_delete_file
 .text.fat_garbage_collector_entry
                0x80005544       0xc8 src/asf/avr32/services/fs/fat/fat_unusual.o
                0x80005544                fat_garbage_collector_entry
 .text.fat_write_fat32_FSInfo
                0x8000560c       0xa0 src/asf/avr32/services/fs/fat/fat_unusual.o
                0x8000560c                fat_write_fat32_FSInfo
 .text.fat_allocfreespace
                0x800056ac      0x15c src/asf/avr32/services/fs/fat/fat_unusual.o
                0x800056ac                fat_allocfreespace
 .text.fat_alloc_entry_free
                0x80005808       0xb0 src/asf/avr32/services/fs/fat/fat_unusual.o
                0x80005808                fat_alloc_entry_free
 .text.fat_check_name
                0x800058b8       0x74 src/asf/avr32/services/fs/fat/fat_unusual.o
                0x800058b8                fat_check_name
 .text.fat_create_short_entry_name
                0x8000592c      0x1b8 src/asf/avr32/services/fs/fat/fat_unusual.o
                0x8000592c                fat_create_short_entry_name
 .text.fat_entry_shortname_compare
                0x80005ae4       0x58 src/asf/avr32/services/fs/fat/fat_unusual.o
                0x80005ae4                fat_entry_shortname_compare
 .text.fat_find_short_entry_name
                0x80005b3c       0x78 src/asf/avr32/services/fs/fat/fat_unusual.o
                0x80005b3c                fat_find_short_entry_name
 .text.fat_create_entry_file_name
                0x80005bb4       0xa8 src/asf/avr32/services/fs/fat/fat_unusual.o
                0x80005bb4                fat_create_entry_file_name
 .text.fat_mount
                0x80005c5c      0x2fc src/asf/avr32/services/fs/fat/fat_unusual.o
                0x80005c5c                fat_mount
 .text.file_eof
                0x80005f58       0x24 src/asf/avr32/services/fs/fat/file.o
                0x80005f58                file_eof
 .text.file_bof
                0x80005f7c       0x20 src/asf/avr32/services/fs/fat/file.o
                0x80005f7c                file_bof
 .text.file_close
                0x80005f9c       0x3c src/asf/avr32/services/fs/fat/file.o
                0x80005f9c                file_close
 .text.file_getc
                0x80005fd8       0x6c src/asf/avr32/services/fs/fat/file.o
                0x80005fd8                file_getc
 .text.file_read_buf
                0x80006044      0x194 src/asf/avr32/services/fs/fat/file.o
                0x80006044                file_read_buf
 .text.file_open
                0x800061d8       0xa0 src/asf/avr32/services/fs/fat/file.o
                0x800061d8                file_open
 .text.nav_getindex
                0x80006278       0x20 src/asf/avr32/services/fs/fat/navigation.o
                0x80006278                nav_getindex
 .text.nav_file_name
                0x80006298       0xf0 src/asf/avr32/services/fs/fat/navigation.o
                0x80006298                nav_file_name
 .text.nav_filelist_set
                0x80006388      0x170 src/asf/avr32/services/fs/fat/navigation.o
                0x80006388                nav_filelist_set
 .text.nav_filelist_findname
                0x800064f8       0x30 src/asf/avr32/services/fs/fat/navigation.o
                0x800064f8                nav_filelist_findname
 .text.nav_filelist_reset
                0x80006528       0x18 src/asf/avr32/services/fs/fat/navigation.o
                0x80006528                nav_filelist_reset
 .text.nav_file_create
                0x80006540       0x6c src/asf/avr32/services/fs/fat/navigation.o
                0x80006540                nav_file_create
 .text.nav_dir_gotoparent
                0x800065ac       0xa0 src/asf/avr32/services/fs/fat/navigation.o
                0x800065ac                nav_dir_gotoparent
 .text.nav_dir_cd
                0x8000664c       0x40 src/asf/avr32/services/fs/fat/navigation.o
                0x8000664c                nav_dir_cd
 .text.nav_filelist_first
                0x8000668c       0x40 src/asf/avr32/services/fs/fat/navigation.o
                0x8000668c                nav_filelist_first
 .text.nav_filelist_nb
                0x800066cc       0x74 src/asf/avr32/services/fs/fat/navigation.o
                0x800066cc                nav_filelist_nb
 .text.nav_filelist_last
                0x80006740       0x50 src/asf/avr32/services/fs/fat/navigation.o
                0x80006740                nav_filelist_last
 .text.nav_dir_make
                0x80006790       0x90 src/asf/avr32/services/fs/fat/navigation.o
                0x80006790                nav_dir_make
 .text.nav_partition_mount
                0x80006820       0x3c src/asf/avr32/services/fs/fat/navigation.o
                0x80006820                nav_partition_mount
 .text.nav_dir_root
                0x8000685c        0xc src/asf/avr32/services/fs/fat/navigation.o
                0x8000685c                nav_dir_root
 .text.nav_drive_set
                0x80006868       0x54 src/asf/avr32/services/fs/fat/navigation.o
                0x80006868                nav_drive_set
 .text.nav_gotoindex
                0x800068bc       0x5c src/asf/avr32/services/fs/fat/navigation.o
                0x800068bc                nav_gotoindex
 .text.nav_setcwd
                0x80006918      0x1c8 src/asf/avr32/services/fs/fat/navigation.o
                0x80006918                nav_setcwd
 .text.nav_select
                0x80006ae0       0x48 src/asf/avr32/services/fs/fat/navigation.o
                0x80006ae0                nav_select
 .text.nav_reset
                0x80006b28       0x6c src/asf/avr32/services/fs/fat/navigation.o
                0x80006b28                nav_reset
 .text._stext   0x80006b94       0x4c src/asf/avr32/utils/startup/startup_uc3.o
                                 0x50 (size before relaxing)
                0x80006b94                _stext
 .text.sysclk_init
                0x80006be0       0x58 src/asf/common/services/clock/uc3b0_b1/sysclk.o
                0x80006be0                sysclk_init
 .text.sysclk_priv_enable_module
                0x80006c38       0x2a src/asf/common/services/clock/uc3b0_b1/sysclk.o
                0x80006c38                sysclk_priv_enable_module
 *fill*         0x80006c62        0x2 d703d703
 .text.sysclk_enable_pbb_module
                0x80006c64       0x40 src/asf/common/services/clock/uc3b0_b1/sysclk.o
                0x80006c64                sysclk_enable_pbb_module
 .text.sysclk_enable_usb
                0x80006ca4       0x6c src/asf/common/services/clock/uc3b0_b1/sysclk.o
                0x80006ca4                sysclk_enable_usb
 .text.get_nb_lun
                0x80006d10        0x2 src/asf/common/services/storage/ctrl_access/ctrl_access.o
                0x80006d10                get_nb_lun
 *fill*         0x80006d12        0x2 d703d703
 .text.mem_test_unit_ready
                0x80006d14       0x14 src/asf/common/services/storage/ctrl_access/ctrl_access.o
                0x80006d14                mem_test_unit_ready
 .text.mem_read_capacity
                0x80006d28       0x18 src/asf/common/services/storage/ctrl_access/ctrl_access.o
                0x80006d28                mem_read_capacity
 .text.mem_sector_size
                0x80006d40        0x6 src/asf/common/services/storage/ctrl_access/ctrl_access.o
                0x80006d40                mem_sector_size
 *fill*         0x80006d46        0x2 d703d703
 .text.mem_wr_protect
                0x80006d48       0x14 src/asf/common/services/storage/ctrl_access/ctrl_access.o
                0x80006d48                mem_wr_protect
 .text.ram_2_memory
                0x80006d5c       0x3c src/asf/common/services/storage/ctrl_access/ctrl_access.o
                0x80006d5c                ram_2_memory
 .text.memory_2_ram
                0x80006d98       0x3c src/asf/common/services/storage/ctrl_access/ctrl_access.o
                0x80006d98                memory_2_ram
 .text.udi_hid_kbd_getsetting
                0x80006dd4        0x2 src/asf/common/services/usb/class/hid/device/kbd/udi_hid_kbd.o
                0x80006dd4                udi_hid_kbd_getsetting
 *fill*         0x80006dd6        0x2 d703d703
 .text.udi_hid_kbd_setreport
                0x80006dd8       0x40 src/asf/common/services/usb/class/hid/device/kbd/udi_hid_kbd.o
 .text.udi_hid_kbd_send_report
                0x80006e18       0x50 src/asf/common/services/usb/class/hid/device/kbd/udi_hid_kbd.o
 .text.udi_hid_kbd_report_sent
                0x80006e68       0x24 src/asf/common/services/usb/class/hid/device/kbd/udi_hid_kbd.o
                0x80006e68                udi_hid_kbd_report_sent
 .text.udi_hid_kbd_down
                0x80006e8c       0x78 src/asf/common/services/usb/class/hid/device/kbd/udi_hid_kbd.o
                0x80006e8c                udi_hid_kbd_down
 .text.udi_hid_kbd_up
                0x80006f04       0x98 src/asf/common/services/usb/class/hid/device/kbd/udi_hid_kbd.o
                0x80006f04                udi_hid_kbd_up
 .text.udi_hid_kbd_modifier_down
                0x80006f9c       0x30 src/asf/common/services/usb/class/hid/device/kbd/udi_hid_kbd.o
                0x80006f9c                udi_hid_kbd_modifier_down
 .text.udi_hid_kbd_modifier_up
                0x80006fcc       0x34 src/asf/common/services/usb/class/hid/device/kbd/udi_hid_kbd.o
                0x80006fcc                udi_hid_kbd_modifier_up
 .text.udi_hid_kbd_setup
                0x80007000       0x24 src/asf/common/services/usb/class/hid/device/kbd/udi_hid_kbd.o
                0x80007000                udi_hid_kbd_setup
 .text.udi_hid_kbd_setreport_valid
                0x80007024       0x14 src/asf/common/services/usb/class/hid/device/kbd/udi_hid_kbd.o
 .text.udi_hid_kbd_disable
                0x80007038        0xc src/asf/common/services/usb/class/hid/device/kbd/udi_hid_kbd.o
                0x80007038                udi_hid_kbd_disable
 .text.udi_hid_kbd_enable
                0x80007044       0x3c src/asf/common/services/usb/class/hid/device/kbd/udi_hid_kbd.o
                0x80007044                udi_hid_kbd_enable
 .text.udi_hid_setup
                0x80007080      0x10c src/asf/common/services/usb/class/hid/device/udi_hid.o
                0x80007080                udi_hid_setup
 .text.udc_get_interface_desc
                0x8000718c        0xc src/asf/common/services/usb/udc/udc.o
                0x8000718c                udc_get_interface_desc
 .text.udc_get_eof_conf
                0x80007198       0x20 src/asf/common/services/usb/udc/udc.o
 .text.udc_update_iface_desc
                0x800071b8       0x84 src/asf/common/services/usb/udc/udc.o
 .text.udc_next_desc_in_iface
                0x8000723c       0x50 src/asf/common/services/usb/udc/udc.o
 .text.udc_valid_address
                0x8000728c       0x18 src/asf/common/services/usb/udc/udc.o
 .text.udc_iface_enable
                0x800072a4       0x60 src/asf/common/services/usb/udc/udc.o
 .text.udc_iface_disable
                0x80007304       0x64 src/asf/common/services/usb/udc/udc.o
 .text.udc_reset
                0x80007368       0x70 src/asf/common/services/usb/udc/udc.o
                0x80007368                udc_reset
 .text.udc_process_setup
                0x800073d8      0x4dc src/asf/common/services/usb/udc/udc.o
                0x800073d8                udc_process_setup
 .text.main_resume_action
                0x800078b4        0x2 src/main.o
                0x800078b4                main_resume_action
 .text.main_remotewakeup_enable
                0x800078b6        0x2 src/main.o
                0x800078b6                main_remotewakeup_enable
 .text.main_remotewakeup_disable
                0x800078b8        0x2 src/main.o
                0x800078b8                main_remotewakeup_disable
 .text.main_kbd_enable
                0x800078ba        0x2 src/main.o
                0x800078ba                main_kbd_enable
 .text.main_kbd_disable
                0x800078bc        0x2 src/main.o
                0x800078bc                main_kbd_disable
 .text.main_kbd_change
                0x800078be        0x2 src/main.o
                0x800078be                main_kbd_change
 .text.main_suspend_action
                0x800078c0       0x14 src/main.o
                0x800078c0                main_suspend_action
 .text.main     0x800078d4      0x1c8 src/main.o
                0x800078d4                main
 .text.process_frame
                0x80007a9c      0x1bc src/main.o
                0x80007a9c                process_frame
 .text.main_sof_action
                0x80007c58       0x18 src/main.o
                0x80007c58                main_sof_action
 .text.memcmp   0x80007c70       0x26 c:/program files (x86)/atmel/studio/7.0/toolchain/avr32/avr32-gnu-toolchain/bin/../lib/gcc/avr32/4.4.7/../../../../avr32/lib/ucr1\libc.a(lib_a-memcmp.o)
                0x80007c70                memcmp
 .text          0x80007c96      0x148 c:/program files (x86)/atmel/studio/7.0/toolchain/avr32/avr32-gnu-toolchain/bin/../lib/gcc/avr32/4.4.7/../../../../avr32/lib/ucr1\libc.a(lib_a-memcpy.o)
                0x80007c96                memcpy
 .text.memset   0x80007dde        0xe c:/program files (x86)/atmel/studio/7.0/toolchain/avr32/avr32-gnu-toolchain/bin/../lib/gcc/avr32/4.4.7/../../../../avr32/lib/ucr1\libc.a(lib_a-memset.o)
                0x80007dde                memset
 *(.text.*personality*)
 *(.gnu.warning)

.exception      0x80007e00      0x200
 .exception     0x80007e00      0x200 src/asf/avr32/drivers/intc/exception.o
                0x80007e00                _evba
                0x80007f3c                ipr_val

.fini
 *(.fini)
                0x80008000                PROVIDE (__etext, .)
                0x80008000                PROVIDE (_etext, .)
                0x80008000                PROVIDE (etext, .)

.rodata         0x80008000      0x288
 *(.rodata .rodata.* .gnu.linkonce.r.*)
 .rodata.LED_DESCRIPTOR
                0x80008000       0x40 src/asf/avr32/boards/evk1101/led.o
 .rodata._int_handler_table
                0x80008040       0x90 src/asf/avr32/drivers/intc/intc.o
 .rodata.const_FSI_LeadSig
                0x800080d0        0x4 src/asf/avr32/services/fs/fat/fat_unusual.o
                0x800080d0                const_FSI_LeadSig
 .rodata.fs_s_tab_incorrect_char
                0x800080d4        0x8 src/asf/avr32/services/fs/fat/fat_unusual.o
                0x800080d4                fs_s_tab_incorrect_char
 .rodata.fs_s_execption_char
                0x800080dc        0x8 src/asf/avr32/services/fs/fat/fat_unusual.o
                0x800080dc                fs_s_execption_char
 .rodata.const_FSI_StrucSig
                0x800080e4        0x4 src/asf/avr32/services/fs/fat/fat_unusual.o
                0x800080e4                const_FSI_StrucSig
 .rodata.lun_desc
                0x800080e8       0x1c src/asf/common/services/storage/ctrl_access/ctrl_access.o
 .rodata.str1.4
                0x80008104       0x17 src/asf/common/services/storage/ctrl_access/ctrl_access.o
                                 0x18 (size before relaxing)
 *fill*         0x8000811b        0x1 
 .rodata.process_frame
                0x8000811c       0x28 src/main.o
 .rodata.SD_MMC_SPI_GPIO_MAP.12228
                0x80008144        0x8 src/main.o
 .rodata.injectFile
                0x8000814c        0x4 src/main.o
 .rodata.C.65.12230
                0x80008150       0x10 src/main.o
 .rodata.vidpidFile
                0x80008160        0x4 src/main.o
 .rodata.str1.4
                0x80008164       0x20 src/main.o
 .rodata._ctype_
                0x80008184      0x104 c:/program files (x86)/atmel/studio/7.0/toolchain/avr32/avr32-gnu-toolchain/bin/../lib/gcc/avr32/4.4.7/../../../../avr32/lib/ucr1\libc.a(lib_a-ctype_.o)
                0x80008184                _ctype_

.rodata1
 *(.rodata1)

.eh_frame_hdr
 *(.eh_frame_hdr)

.eh_frame
 *(.eh_frame)

.gcc_except_table
 *(.gcc_except_table)
 *(.gcc_except_table.*)

.lalign         0x80008288        0x0
                0x80008288                . = ALIGN (0x8)
                0x80008288                PROVIDE (_data_lma, .)
                0x00000004                . = ORIGIN (INTRAM)

.dalign         0x00000004        0x4
                0x00000008                . = ALIGN (0x8)
 *fill*         0x00000004        0x4 
                0x00000008                PROVIDE (_data, .)

.eh_frame
 *(.eh_frame)

.gcc_except_table
 *(.gcc_except_table)
 *(.gcc_except_table.*)

.tdata
 *(.tdata .tdata.* .gnu.linkonce.td.*)

.tbss
 *(.tbss .tbss.* .gnu.linkonce.tb.*)
 *(.tcommon)
                0x00000008                PROVIDE (__preinit_array_start, ALIGN (0x4))

.preinit_array
 *(.preinit_array)
                0x00000008                PROVIDE (__preinit_array_end, .)
                0x00000008                PROVIDE (__init_array_start, .)

.init_array
 *(.init_array)
                0x00000008                PROVIDE (__init_array_end, .)
                0x00000008                PROVIDE (__fini_array_start, .)

.fini_array
 *(.fini_array)
                0x00000008                PROVIDE (__fini_array_end, .)

.ctors
 *crtbegin*.o(.ctors)
 *(EXCLUDE_FILE(*crtend*.o) .ctors)
 *(SORT(.ctors.*))
 *(.ctors)

.dtors
 *crtbegin*.o(.dtors)
 *(EXCLUDE_FILE(*crtend*.o) .dtors)
 *(SORT(.dtors.*))
 *(.dtors)

.jcr
 *(.jcr)

.data.rel.ro
 *(.data.rel.ro.local)
 *(.data.rel.ro*)

.dynamic
 *(.dynamic)

.got
 *(.got.plt)
 *(.got)

.ramtext
 *(.ramtext .ramtext.*)

.ddalign        0x00000008        0x0 load address 0x80008288
                0x00000008                . = ALIGN (0x8)

.data           0x00000008       0xe0 load address 0x80008288
 *(.data .data.* .gnu.linkonce.d.*)
 .data.LED_State
                0x00000008        0x4 src/asf/avr32/boards/evk1101/led.o
 .data.sd_mmc_spi_presence_status
                0x0000000c        0x1 src/asf/avr32/components/memory/sd_mmc/sd_mmc_spi/sd_mmc_spi_mem.o
                0x0000000c                sd_mmc_spi_presence_status
 .data.udi_hid_kbd_report_desc
                0x0000000d       0x3b src/asf/common/services/usb/class/hid/device/kbd/udi_hid_kbd.o
                0x0000000d                udi_hid_kbd_report_desc
 .data.udi_api_hid_kbd
                0x00000048       0x10 src/asf/common/services/usb/class/hid/device/kbd/udi_hid_kbd.o
                0x00000048                udi_api_hid_kbd
 .data.udc_desc
                0x00000058       0x24 src/asf/common/services/usb/class/hid/device/kbd/udi_hid_kbd_desc.o
                0x00000058                udc_desc
 .data.udc_config_fshs
                0x0000007c        0x8 src/asf/common/services/usb/class/hid/device/kbd/udi_hid_kbd_desc.o
                0x0000007c                udc_config_fshs
 .data.udi_apis
                0x00000084        0x4 src/asf/common/services/usb/class/hid/device/kbd/udi_hid_kbd_desc.o
                0x00000084                udi_apis
 .data.udc_config
                0x00000088        0x8 src/asf/common/services/usb/class/hid/device/kbd/udi_hid_kbd_desc.o
                0x00000088                udc_config
 .data.udc_device_desc
                0x00000090       0x14 src/asf/common/services/usb/class/hid/device/kbd/udi_hid_kbd_desc.o
                0x00000090                udc_device_desc
 .data.udc_string_product_name
                0x000000a4       0x10 src/asf/common/services/usb/udc/udc.o
 .data.udc_string_manufacturer_name
                0x000000b4        0xc src/asf/common/services/usb/udc/udc.o
 .data.udc_string_desc
                0x000000c0       0x1a src/asf/common/services/usb/udc/udc.o
 .data.udc_string_desc_languageid
                0x000000da        0x4 src/asf/common/services/usb/udc/udc.o
 *fill*         0x000000de        0x2 
 .data.state.12236
                0x000000e0        0x4 src/main.o
 .data.__ctype_ptr
                0x000000e4        0x4 c:/program files (x86)/atmel/studio/7.0/toolchain/avr32/avr32-gnu-toolchain/bin/../lib/gcc/avr32/4.4.7/../../../../avr32/lib/ucr1\libc.a(lib_a-ctype_.o)
                0x000000e4                __ctype_ptr
 *(.gnu.linkonce.d.*personality*)

.data1
 *(.data1)

.balign         0x000000e8        0x0 load address 0x80008368
                0x000000e8                . = ALIGN (0x8)
                0x000000e8                PROVIDE (_edata, .)
                0x000000e8                PROVIDE (edata, .)
                0x000000e8                __bss_start = .

.bss            0x000000e8      0x6e0
 *(.dynbss)
 *(.bss .bss.* .gnu.linkonce.b.*)
 .bss.gl_ptr_mem
                0x000000e8        0x4 src/asf/avr32/components/memory/sd_mmc/sd_mmc_spi/sd_mmc_spi.o
 .bss.sd_mmc_opt
                0x000000ec       0x10 src/asf/avr32/components/memory/sd_mmc/sd_mmc_spi/sd_mmc_spi.o
 .bss.sd_mmc_pba_hz
                0x000000fc        0x4 src/asf/avr32/components/memory/sd_mmc/sd_mmc_spi/sd_mmc_spi.o
 .bss.sd_mmc_spi_init_done
                0x00000100        0x1 src/asf/avr32/components/memory/sd_mmc/sd_mmc_spi/sd_mmc_spi.o
                0x00000100                sd_mmc_spi_init_done
 *fill*         0x00000101        0x3 
 .bss._int_line_handler_table_6
                0x00000104        0x4 src/asf/avr32/drivers/intc/intc.o
 .bss._int_line_handler_table_7
                0x00000108        0x4 src/asf/avr32/drivers/intc/intc.o
 .bss._int_line_handler_table_8
                0x0000010c        0x4 src/asf/avr32/drivers/intc/intc.o
 .bss._int_line_handler_table_9
                0x00000110        0x4 src/asf/avr32/drivers/intc/intc.o
 .bss._int_line_handler_table_10
                0x00000114        0x4 src/asf/avr32/drivers/intc/intc.o
 .bss._int_line_handler_table_11
                0x00000118        0x4 src/asf/avr32/drivers/intc/intc.o
 .bss._int_line_handler_table_12
                0x0000011c        0x4 src/asf/avr32/drivers/intc/intc.o
 .bss._int_line_handler_table_13
                0x00000120        0x4 src/asf/avr32/drivers/intc/intc.o
 .bss._int_line_handler_table_14
                0x00000124        0xc src/asf/avr32/drivers/intc/intc.o
 .bss._int_line_handler_table_15
                0x00000130        0x4 src/asf/avr32/drivers/intc/intc.o
 .bss._int_line_handler_table_16
                0x00000134        0x4 src/asf/avr32/drivers/intc/intc.o
 .bss._int_line_handler_table_17
                0x00000138        0x4 src/asf/avr32/drivers/intc/intc.o
 .bss._int_line_handler_table_0
                0x0000013c        0x4 src/asf/avr32/drivers/intc/intc.o
 .bss._int_line_handler_table_1
                0x00000140       0x2c src/asf/avr32/drivers/intc/intc.o
 .bss._int_line_handler_table_2
                0x0000016c       0x18 src/asf/avr32/drivers/intc/intc.o
 .bss._int_line_handler_table_3
                0x00000184       0x1c src/asf/avr32/drivers/intc/intc.o
 .bss._int_line_handler_table_4
                0x000001a0        0x4 src/asf/avr32/drivers/intc/intc.o
 .bss._int_line_handler_table_5
                0x000001a4        0x4 src/asf/avr32/drivers/intc/intc.o
 .bss.udd_ctrl_prev_payload_nb_trans
                0x000001a8        0x2 src/asf/avr32/drivers/usbb/usbb_device.o
 *fill*         0x000001aa        0x2 
 .bss.udd_ep_job
                0x000001ac       0x10 src/asf/avr32/drivers/usbb/usbb_device.o
 .bss.udd_b_idle
                0x000001bc        0x1 src/asf/avr32/drivers/usbb/usbb_device.o
 *fill*         0x000001bd        0x1 
 .bss.udd_ctrl_payload_nb_trans
                0x000001be        0x2 src/asf/avr32/drivers/usbb/usbb_device.o
 .bss.udd_ep_control_state
                0x000001c0        0x4 src/asf/avr32/drivers/usbb/usbb_device.o
 .bss.udd_ctrl_payload_need_in_zlp
                0x000001c4        0x1 src/asf/avr32/drivers/usbb/usbb_device.o
 .bss.sysclk_pbb_refcount
                0x000001c5        0x1 src/asf/common/services/clock/uc3b0_b1/sysclk.o
 .bss.udi_hid_kbd_b_report_valid
                0x000001c6        0x1 src/asf/common/services/usb/class/hid/device/kbd/udi_hid_kbd.o
 .bss.udi_hid_kbd_b_report_trans_ongoing
                0x000001c7        0x1 src/asf/common/services/usb/class/hid/device/kbd/udi_hid_kbd.o
 .bss.udi_hid_kbd_report_trans
                0x000001c8        0x8 src/asf/common/services/usb/class/hid/device/kbd/udi_hid_kbd.o
 .bss.udi_hid_kbd_protocol
                0x000001d0        0x1 src/asf/common/services/usb/class/hid/device/kbd/udi_hid_kbd.o
 .bss.udi_hid_kbd_report_set
                0x000001d1        0x1 src/asf/common/services/usb/class/hid/device/kbd/udi_hid_kbd.o
 *fill*         0x000001d2        0x2 
 .bss.udi_hid_kbd_report
                0x000001d4        0x8 src/asf/common/services/usb/class/hid/device/kbd/udi_hid_kbd.o
 .bss.udi_hid_kbd_rate
                0x000001dc        0x1 src/asf/common/services/usb/class/hid/device/kbd/udi_hid_kbd.o
 *fill*         0x000001dd        0x3 
 .bss.udc_ptr_conf
                0x000001e0        0x4 src/asf/common/services/usb/udc/udc.o
 .bss.udc_ep_status.9977
                0x000001e4        0x2 src/asf/common/services/usb/udc/udc.o
 .bss.udc_device_status
                0x000001e6        0x2 src/asf/common/services/usb/udc/udc.o
 .bss.udc_num_configuration
                0x000001e8        0x1 src/asf/common/services/usb/udc/udc.o
 *fill*         0x000001e9        0x3 
 .bss.udc_ptr_iface
                0x000001ec        0x4 src/asf/common/services/usb/udc/udc.o
 .bss.udc_iface_setting.10183
                0x000001f0        0x1 src/asf/common/services/usb/udc/udc.o
 *fill*         0x000001f1        0x3 
 .bss.serial_len
                0x000001f4        0x4 src/main.o
 .bss.debounce.12238
                0x000001f8        0x2 src/main.o
 .bss.wait.12237
                0x000001fa        0x1 src/main.o
 *fill*         0x000001fb        0x1 
 .bss.injectToken.12239
                0x000001fc        0x2 src/main.o
 *fill*         0x000001fe        0x2 
 .bss.serial    0x00000200       0x64 src/main.o
 .bss.cpt_sof.12235
                0x00000264        0x1 src/main.o
 *(COMMON)
 *fill*         0x00000265        0x3 
 COMMON         0x00000268      0x225 src/asf/avr32/components/memory/sd_mmc/sd_mmc_spi/sd_mmc_spi.o
                0x00000268                data_mem
                0x0000046c                capacity
                0x00000470                capacity_mult
                0x00000472                erase_group_size
                0x00000474                sd_mmc_spi_last_block_address
                0x00000478                r2
                0x0000047a                card_type
                0x0000047c                csd
                0x0000048c                r1
 *fill*         0x0000048d        0x3 
 COMMON         0x00000490       0x18 src/asf/avr32/drivers/usbb/usbb_device.o
                0x00000490                udd_g_ctrlreq
 COMMON         0x000004a8      0x2f4 src/asf/avr32/services/fs/fat/fat.o
                0x000004a8                fs_gu32_addrsector
                0x000004ac                fs_g_nav_entry
                0x000004bc                fs_g_u16_pos_fat
                0x000004be                g_b_no_check_disk
                0x000004c0                fs_g_cache_clusterlist
                0x000004e8                fs_g_u32_last_mod_fat
                0x000004ec                fs_g_sector
                0x000006ec                fs_g_nav
                0x00000720                fs_g_u32_first_mod_fat
                0x00000724                fs_g_navext_entry
                0x00000734                fs_g_navext_fast
                0x00000738                fs_g_nav_fast
                0x0000073c                fs_g_status
                0x0000073d                g_b_string_length
                0x0000073e                fs_g_u8_current_cache
                0x00000740                fs_g_navext
                0x00000774                fs_g_sectorcache
                0x00000788                g_b_unicode
                0x0000078c                fs_g_cluster
                0x00000794                fs_g_seg
 COMMON         0x0000079c       0x19 src/asf/avr32/services/fs/fat/navigation.o
                0x0000079c                g_segment_dest
                0x000007a8                g_segment_src
                0x000007b4                fs_g_u8_nav_selected
 *fill*         0x000007b5        0x3 
 COMMON         0x000007b8        0x7 src/asf/common/services/sleepmgr/uc3/sleepmgr.o
                0x000007b8                sleepmgr_locks
 *fill*         0x000007bf        0x1 
 COMMON         0x000007c0        0x4 src/main.o
                0x000007c0                pid
                0x000007c2                vid
                0x000007c8                . = ALIGN (0x8)
 *fill*         0x000007c4        0x4 
                0x000007c8                . = ALIGN (0x8)
                0x000007c8                _end = .
                0x000007c8                PROVIDE (end, .)
                0x000007c8                __heap_start__ = ALIGN (0x8)

.heap           0x000007c8     0x6838
 *(.heap)
                0x00006838                . = (__heap_size__ == __max_heap_size__)?(((ORIGIN (INTRAM) + 0x7ffc) - __stack_size__) - ABSOLUTE (.)):__heap_size__
 *fill*         0x000007c8     0x6838 
                0x00007000                __heap_end__ = .

.stab
 *(.stab)

.stabstr
 *(.stabstr)

.stab.excl
 *(.stab.excl)

.stab.exclstr
 *(.stab.exclstr)

.stab.index
 *(.stab.index)

.stab.indexstr
 *(.stab.indexstr)

.comment        0x00000000       0x30
 *(.comment)
 .comment       0x00000000       0x30 src/asf/avr32/boards/evk1101/init.o
                                 0x31 (size before relaxing)
 .comment       0x00000000       0x31 src/asf/avr32/boards/evk1101/led.o
 .comment       0x00000000       0x31 src/asf/avr32/components/memory/sd_mmc/sd_mmc_spi/sd_mmc_spi.o
 .comment       0x00000000       0x31 src/asf/avr32/components/memory/sd_mmc/sd_mmc_spi/sd_mmc_spi_mem.o
 .comment       0x00000000       0x31 src/asf/avr32/drivers/flashc/flashc.o
 .comment       0x00000000       0x31 src/asf/avr32/drivers/gpio/gpio.o
 .comment       0x00000000       0x31 src/asf/avr32/drivers/intc/intc.o
 .comment       0x00000000       0x31 src/asf/avr32/drivers/spi/spi.o
 .comment       0x00000000       0x31 src/asf/avr32/drivers/usbb/usbb_device.o
 .comment       0x00000000       0x31 src/asf/avr32/services/fs/fat/fat.o
 .comment       0x00000000       0x31 src/asf/avr32/services/fs/fat/fat_unusual.o
 .comment       0x00000000       0x31 src/asf/avr32/services/fs/fat/file.o
 .comment       0x00000000       0x31 src/asf/avr32/services/fs/fat/navigation.o
 .comment       0x00000000       0x31 src/asf/common/services/clock/uc3b0_b1/sysclk.o
 .comment       0x00000000       0x31 src/asf/common/services/sleepmgr/uc3/sleepmgr.o
 .comment       0x00000000       0x31 src/asf/common/services/storage/ctrl_access/ctrl_access.o
 .comment       0x00000000       0x31 src/asf/common/services/usb/class/hid/device/kbd/udi_hid_kbd.o
 .comment       0x00000000       0x31 src/asf/common/services/usb/class/hid/device/kbd/udi_hid_kbd_desc.o
 .comment       0x00000000       0x31 src/asf/common/services/usb/class/hid/device/udi_hid.o
 .comment       0x00000000       0x31 src/asf/common/services/usb/udc/udc.o
 .comment       0x00000000       0x31 src/main.o
 .comment       0x00000000       0x31 c:/program files (x86)/atmel/studio/7.0/toolchain/avr32/avr32-gnu-toolchain/bin/../lib/gcc/avr32/4.4.7/../../../../avr32/lib/ucr1\libc.a(lib_a-ctype_.o)
 .comment       0x00000000       0x31 c:/program files (x86)/atmel/studio/7.0/toolchain/avr32/avr32-gnu-toolchain/bin/../lib/gcc/avr32/4.4.7/../../../../avr32/lib/ucr1\libc.a(lib_a-memcmp.o)
 .comment       0x00000000       0x31 c:/program files (x86)/atmel/studio/7.0/toolchain/avr32/avr32-gnu-toolchain/bin/../lib/gcc/avr32/4.4.7/../../../../avr32/lib/ucr1\libc.a(lib_a-memset.o)

.debug
 *(.debug)

.line
 *(.line)

.debug_srcinfo
 *(.debug_srcinfo)

.debug_sfnames
 *(.debug_sfnames)

.debug_aranges  0x00000000      0xe78
 *(.debug_aranges)
 .debug_aranges
                0x00000000       0x20 src/asf/avr32/boards/evk1101/init.o
 .debug_aranges
                0x00000020       0x78 src/asf/avr32/boards/evk1101/led.o
 .debug_aranges
                0x00000098       0xf0 src/asf/avr32/components/memory/sd_mmc/sd_mmc_spi/sd_mmc_spi.o
 .debug_aranges
                0x00000188       0x50 src/asf/avr32/components/memory/sd_mmc/sd_mmc_spi/sd_mmc_spi_mem.o
 .debug_aranges
                0x000001d8      0x218 src/asf/avr32/drivers/flashc/flashc.o
 .debug_aranges
                0x000003f0      0x100 src/asf/avr32/drivers/gpio/gpio.o
 .debug_aranges
                0x000004f0       0x38 src/asf/avr32/drivers/intc/intc.o
 .debug_aranges
                0x00000528       0xa8 src/asf/avr32/drivers/spi/spi.o
 .debug_aranges
                0x000005d0      0x100 src/asf/avr32/drivers/usbb/usbb_device.o
 .debug_aranges
                0x000006d0      0x160 src/asf/avr32/services/fs/fat/fat.o
 .debug_aranges
                0x00000830      0x128 src/asf/avr32/services/fs/fat/fat_unusual.o
 .debug_aranges
                0x00000958       0x98 src/asf/avr32/services/fs/fat/file.o
 .debug_aranges
                0x000009f0      0x218 src/asf/avr32/services/fs/fat/navigation.o
 .debug_aranges
                0x00000c08       0x50 src/asf/common/services/clock/uc3b0_b1/sysclk.o
 .debug_aranges
                0x00000c58       0x80 src/asf/common/services/storage/ctrl_access/ctrl_access.o
 .debug_aranges
                0x00000cd8       0x78 src/asf/common/services/usb/class/hid/device/kbd/udi_hid_kbd.o
 .debug_aranges
                0x00000d50       0x20 src/asf/common/services/usb/class/hid/device/udi_hid.o
 .debug_aranges
                0x00000d70       0x60 src/asf/common/services/usb/udc/udc.o
 .debug_aranges
                0x00000dd0       0x68 src/main.o
 .debug_aranges
                0x00000e38       0x20 c:/program files (x86)/atmel/studio/7.0/toolchain/avr32/avr32-gnu-toolchain/bin/../lib/gcc/avr32/4.4.7/../../../../avr32/lib/ucr1\libc.a(lib_a-memcmp.o)
 .debug_aranges
                0x00000e58       0x20 c:/program files (x86)/atmel/studio/7.0/toolchain/avr32/avr32-gnu-toolchain/bin/../lib/gcc/avr32/4.4.7/../../../../avr32/lib/ucr1\libc.a(lib_a-memset.o)

.debug_pubnames
                0x00000000     0x2a19
 *(.debug_pubnames)
 .debug_pubnames
                0x00000000       0x21 src/asf/avr32/boards/evk1101/init.o
 .debug_pubnames
                0x00000021       0xf6 src/asf/avr32/boards/evk1101/led.o
 .debug_pubnames
                0x00000117      0x3b1 src/asf/avr32/components/memory/sd_mmc/sd_mmc_spi/sd_mmc_spi.o
 .debug_pubnames
                0x000004c8       0xe8 src/asf/avr32/components/memory/sd_mmc/sd_mmc_spi/sd_mmc_spi_mem.o
 .debug_pubnames
                0x000005b0      0x771 src/asf/avr32/drivers/flashc/flashc.o
 .debug_pubnames
                0x00000d21      0x330 src/asf/avr32/drivers/gpio/gpio.o
 .debug_pubnames
                0x00001051       0x62 src/asf/avr32/drivers/intc/intc.o
 .debug_pubnames
                0x000010b3      0x178 src/asf/avr32/drivers/spi/spi.o
 .debug_pubnames
                0x0000122b      0x1a2 src/asf/avr32/drivers/usbb/usbb_device.o
 .debug_pubnames
                0x000013cd      0x5a8 src/asf/avr32/services/fs/fat/fat.o
 .debug_pubnames
                0x00001975      0x480 src/asf/avr32/services/fs/fat/fat_unusual.o
 .debug_pubnames
                0x00001df5       0xf8 src/asf/avr32/services/fs/fat/file.o
 .debug_pubnames
                0x00001eed      0x5d8 src/asf/avr32/services/fs/fat/navigation.o
 .debug_pubnames
                0x000024c5       0xc7 src/asf/common/services/clock/uc3b0_b1/sysclk.o
 .debug_pubnames
                0x0000258c       0x25 src/asf/common/services/sleepmgr/uc3/sleepmgr.o
 .debug_pubnames
                0x000025b1       0xfc src/asf/common/services/storage/ctrl_access/ctrl_access.o
 .debug_pubnames
                0x000026ad      0x120 src/asf/common/services/usb/class/hid/device/kbd/udi_hid_kbd.o
 .debug_pubnames
                0x000027cd       0x63 src/asf/common/services/usb/class/hid/device/kbd/udi_hid_kbd_desc.o
 .debug_pubnames
                0x00002830       0x24 src/asf/common/services/usb/class/hid/device/udi_hid.o
 .debug_pubnames
                0x00002854       0x51 src/asf/common/services/usb/udc/udc.o
 .debug_pubnames
                0x000028a5      0x10c src/main.o
 .debug_pubnames
                0x000029b1       0x2e c:/program files (x86)/atmel/studio/7.0/toolchain/avr32/avr32-gnu-toolchain/bin/../lib/gcc/avr32/4.4.7/../../../../avr32/lib/ucr1\libc.a(lib_a-ctype_.o)
 .debug_pubnames
                0x000029df       0x1d c:/program files (x86)/atmel/studio/7.0/toolchain/avr32/avr32-gnu-toolchain/bin/../lib/gcc/avr32/4.4.7/../../../../avr32/lib/ucr1\libc.a(lib_a-memcmp.o)
 .debug_pubnames
                0x000029fc       0x1d c:/program files (x86)/atmel/studio/7.0/toolchain/avr32/avr32-gnu-toolchain/bin/../lib/gcc/avr32/4.4.7/../../../../avr32/lib/ucr1\libc.a(lib_a-memset.o)

.debug_info     0x00000000    0x1bc25
 *(.debug_info .gnu.linkonce.wi.*)
 .debug_info    0x00000000       0xa1 src/asf/avr32/boards/evk1101/init.o
 .debug_info    0x000000a1      0xf05 src/asf/avr32/boards/evk1101/led.o
 .debug_info    0x00000fa6     0x12c8 src/asf/avr32/components/memory/sd_mmc/sd_mmc_spi/sd_mmc_spi.o
 .debug_info    0x0000226e      0x228 src/asf/avr32/components/memory/sd_mmc/sd_mmc_spi/sd_mmc_spi_mem.o
 .debug_info    0x00002496     0x1d23 src/asf/avr32/drivers/flashc/flashc.o
 .debug_info    0x000041b9      0xb14 src/asf/avr32/drivers/gpio/gpio.o
 .debug_info    0x00004ccd      0x56e src/asf/avr32/drivers/intc/intc.o
 .debug_info    0x0000523b     0x1084 src/asf/avr32/drivers/spi/spi.o
 .debug_info    0x000062bf     0xd4ac src/asf/avr32/drivers/usbb/usbb_device.o
 .debug_info    0x0001376b      0xe75 src/asf/avr32/services/fs/fat/fat.o
 .debug_info    0x000145e0     0x114a src/asf/avr32/services/fs/fat/fat_unusual.o
 .debug_info    0x0001572a      0x6cb src/asf/avr32/services/fs/fat/file.o
 .debug_info    0x00015df5     0x1187 src/asf/avr32/services/fs/fat/navigation.o
 .debug_info    0x00016f7c     0x172e src/asf/common/services/clock/uc3b0_b1/sysclk.o
 .debug_info    0x000186aa       0xf2 src/asf/common/services/sleepmgr/uc3/sleepmgr.o
 .debug_info    0x0001879c      0x56d src/asf/common/services/storage/ctrl_access/ctrl_access.o
 .debug_info    0x00018d09      0x67b src/asf/common/services/usb/class/hid/device/kbd/udi_hid_kbd.o
 .debug_info    0x00019384      0x61a src/asf/common/services/usb/class/hid/device/kbd/udi_hid_kbd_desc.o
 .debug_info    0x0001999e      0x3e0 src/asf/common/services/usb/class/hid/device/udi_hid.o
 .debug_info    0x00019d7e      0xc83 src/asf/common/services/usb/udc/udc.o
 .debug_info    0x0001aa01     0x1001 src/main.o
 .debug_info    0x0001ba02       0x71 c:/program files (x86)/atmel/studio/7.0/toolchain/avr32/avr32-gnu-toolchain/bin/../lib/gcc/avr32/4.4.7/../../../../avr32/lib/ucr1\libc.a(lib_a-ctype_.o)
 .debug_info    0x0001ba73       0xe5 c:/program files (x86)/atmel/studio/7.0/toolchain/avr32/avr32-gnu-toolchain/bin/../lib/gcc/avr32/4.4.7/../../../../avr32/lib/ucr1\libc.a(lib_a-memcmp.o)
 .debug_info    0x0001bb58       0xcd c:/program files (x86)/atmel/studio/7.0/toolchain/avr32/avr32-gnu-toolchain/bin/../lib/gcc/avr32/4.4.7/../../../../avr32/lib/ucr1\libc.a(lib_a-memset.o)

.debug_abbrev   0x00000000     0x2e5d
 *(.debug_abbrev)
 .debug_abbrev  0x00000000       0x4c src/asf/avr32/boards/evk1101/init.o
 .debug_abbrev  0x0000004c      0x286 src/asf/avr32/boards/evk1101/led.o
 .debug_abbrev  0x000002d2      0x2a4 src/asf/avr32/components/memory/sd_mmc/sd_mmc_spi/sd_mmc_spi.o
 .debug_abbrev  0x00000576      0x145 src/asf/avr32/components/memory/sd_mmc/sd_mmc_spi/sd_mmc_spi_mem.o
 .debug_abbrev  0x000006bb      0x332 src/asf/avr32/drivers/flashc/flashc.o
 .debug_abbrev  0x000009ed      0x28b src/asf/avr32/drivers/gpio/gpio.o
 .debug_abbrev  0x00000c78      0x1e5 src/asf/avr32/drivers/intc/intc.o
 .debug_abbrev  0x00000e5d      0x29d src/asf/avr32/drivers/spi/spi.o
 .debug_abbrev  0x000010fa      0x46c src/asf/avr32/drivers/usbb/usbb_device.o
 .debug_abbrev  0x00001566      0x261 src/asf/avr32/services/fs/fat/fat.o
 .debug_abbrev  0x000017c7      0x20a src/asf/avr32/services/fs/fat/fat_unusual.o
 .debug_abbrev  0x000019d1      0x207 src/asf/avr32/services/fs/fat/file.o
 .debug_abbrev  0x00001bd8      0x22f src/asf/avr32/services/fs/fat/navigation.o
 .debug_abbrev  0x00001e07      0x2d8 src/asf/common/services/clock/uc3b0_b1/sysclk.o
 .debug_abbrev  0x000020df       0x7d src/asf/common/services/sleepmgr/uc3/sleepmgr.o
 .debug_abbrev  0x0000215c      0x176 src/asf/common/services/storage/ctrl_access/ctrl_access.o
 .debug_abbrev  0x000022d2      0x288 src/asf/common/services/usb/class/hid/device/kbd/udi_hid_kbd.o
 .debug_abbrev  0x0000255a       0xfb src/asf/common/services/usb/class/hid/device/kbd/udi_hid_kbd_desc.o
 .debug_abbrev  0x00002655      0x14c src/asf/common/services/usb/class/hid/device/udi_hid.o
 .debug_abbrev  0x000027a1      0x272 src/asf/common/services/usb/udc/udc.o
 .debug_abbrev  0x00002a13      0x2da src/main.o
 .debug_abbrev  0x00002ced       0x59 c:/program files (x86)/atmel/studio/7.0/toolchain/avr32/avr32-gnu-toolchain/bin/../lib/gcc/avr32/4.4.7/../../../../avr32/lib/ucr1\libc.a(lib_a-ctype_.o)
 .debug_abbrev  0x00002d46       0x92 c:/program files (x86)/atmel/studio/7.0/toolchain/avr32/avr32-gnu-toolchain/bin/../lib/gcc/avr32/4.4.7/../../../../avr32/lib/ucr1\libc.a(lib_a-memcmp.o)
 .debug_abbrev  0x00002dd8       0x85 c:/program files (x86)/atmel/studio/7.0/toolchain/avr32/avr32-gnu-toolchain/bin/../lib/gcc/avr32/4.4.7/../../../../avr32/lib/ucr1\libc.a(lib_a-memset.o)

.debug_line     0x00000000     0xc364
 *(.debug_line)
 .debug_line    0x00000000      0x643 src/asf/avr32/boards/evk1101/init.o
 .debug_line    0x00000643      0x6fa src/asf/avr32/boards/evk1101/led.o
 .debug_line    0x00000d3d      0xa46 src/asf/avr32/components/memory/sd_mmc/sd_mmc_spi/sd_mmc_spi.o
 .debug_line    0x00001783      0x779 src/asf/avr32/components/memory/sd_mmc/sd_mmc_spi/sd_mmc_spi_mem.o
 .debug_line    0x00001efc      0xb8d src/asf/avr32/drivers/flashc/flashc.o
 .debug_line    0x00002a89      0x82a src/asf/avr32/drivers/gpio/gpio.o
 .debug_line    0x000032b3      0x5e8 src/asf/avr32/drivers/intc/intc.o
 .debug_line    0x0000389b      0x735 src/asf/avr32/drivers/spi/spi.o
 .debug_line    0x00003fd0      0xe0f src/asf/avr32/drivers/usbb/usbb_device.o
 .debug_line    0x00004ddf      0xc00 src/asf/avr32/services/fs/fat/fat.o
 .debug_line    0x000059df      0xd2d src/asf/avr32/services/fs/fat/fat_unusual.o
 .debug_line    0x0000670c      0x914 src/asf/avr32/services/fs/fat/file.o
 .debug_line    0x00007020      0xd98 src/asf/avr32/services/fs/fat/navigation.o
 .debug_line    0x00007db8      0x855 src/asf/common/services/clock/uc3b0_b1/sysclk.o
 .debug_line    0x0000860d      0x643 src/asf/common/services/sleepmgr/uc3/sleepmgr.o
 .debug_line    0x00008c50      0x7e0 src/asf/common/services/storage/ctrl_access/ctrl_access.o
 .debug_line    0x00009430      0x8d2 src/asf/common/services/usb/class/hid/device/kbd/udi_hid_kbd.o
 .debug_line    0x00009d02      0x71a src/asf/common/services/usb/class/hid/device/kbd/udi_hid_kbd_desc.o
 .debug_line    0x0000a41c      0x74c src/asf/common/services/usb/class/hid/device/udi_hid.o
 .debug_line    0x0000ab68      0x864 src/asf/common/services/usb/udc/udc.o
 .debug_line    0x0000b3cc      0xb88 src/main.o
 .debug_line    0x0000bf54       0x8e c:/program files (x86)/atmel/studio/7.0/toolchain/avr32/avr32-gnu-toolchain/bin/../lib/gcc/avr32/4.4.7/../../../../avr32/lib/ucr1\libc.a(lib_a-ctype_.o)
 .debug_line    0x0000bfe2      0x1c4 c:/program files (x86)/atmel/studio/7.0/toolchain/avr32/avr32-gnu-toolchain/bin/../lib/gcc/avr32/4.4.7/../../../../avr32/lib/ucr1\libc.a(lib_a-memcmp.o)
 .debug_line    0x0000c1a6      0x1be c:/program files (x86)/atmel/studio/7.0/toolchain/avr32/avr32-gnu-toolchain/bin/../lib/gcc/avr32/4.4.7/../../../../avr32/lib/ucr1\libc.a(lib_a-memset.o)

.debug_frame    0x00000000     0x29bc
 *(.debug_frame)
 .debug_frame   0x00000000       0x28 src/asf/avr32/boards/evk1101/init.o
 .debug_frame   0x00000028       0xf8 src/asf/avr32/boards/evk1101/led.o
 .debug_frame   0x00000120      0x364 src/asf/avr32/components/memory/sd_mmc/sd_mmc_spi/sd_mmc_spi.o
 .debug_frame   0x00000484       0xb4 src/asf/avr32/components/memory/sd_mmc/sd_mmc_spi/sd_mmc_spi_mem.o
 .debug_frame   0x00000538      0x698 src/asf/avr32/drivers/flashc/flashc.o
 .debug_frame   0x00000bd0      0x204 src/asf/avr32/drivers/gpio/gpio.o
 .debug_frame   0x00000dd4       0x64 src/asf/avr32/drivers/intc/intc.o
 .debug_frame   0x00000e38      0x158 src/asf/avr32/drivers/spi/spi.o
 .debug_frame   0x00000f90      0x290 src/asf/avr32/drivers/usbb/usbb_device.o
 .debug_frame   0x00001220      0x434 src/asf/avr32/services/fs/fat/fat.o
 .debug_frame   0x00001654      0x504 src/asf/avr32/services/fs/fat/fat_unusual.o
 .debug_frame   0x00001b58      0x1d8 src/asf/avr32/services/fs/fat/file.o
 .debug_frame   0x00001d30      0x714 src/asf/avr32/services/fs/fat/navigation.o
 .debug_frame   0x00002444       0xb0 src/asf/common/services/clock/uc3b0_b1/sysclk.o
 .debug_frame   0x000024f4      0x138 src/asf/common/services/storage/ctrl_access/ctrl_access.o
 .debug_frame   0x0000262c      0x130 src/asf/common/services/usb/class/hid/device/kbd/udi_hid_kbd.o
 .debug_frame   0x0000275c       0x2c src/asf/common/services/usb/class/hid/device/udi_hid.o
 .debug_frame   0x00002788      0x100 src/asf/common/services/usb/udc/udc.o
 .debug_frame   0x00002888       0xec src/main.o
 .debug_frame   0x00002974       0x28 c:/program files (x86)/atmel/studio/7.0/toolchain/avr32/avr32-gnu-toolchain/bin/../lib/gcc/avr32/4.4.7/../../../../avr32/lib/ucr1\libc.a(lib_a-memcmp.o)
 .debug_frame   0x0000299c       0x20 c:/program files (x86)/atmel/studio/7.0/toolchain/avr32/avr32-gnu-toolchain/bin/../lib/gcc/avr32/4.4.7/../../../../avr32/lib/ucr1\libc.a(lib_a-memset.o)

.debug_str      0x00000000     0x8689
 *(.debug_str)
 .debug_str     0x00000000       0xe6 src/asf/avr32/boards/evk1101/init.o
                                0x11f (size before relaxing)
 .debug_str     0x000000e6      0x3b9 src/asf/avr32/boards/evk1101/led.o
                                0x4d0 (size before relaxing)
 .debug_str     0x0000049f      0x670 src/asf/avr32/components/memory/sd_mmc/sd_mmc_spi/sd_mmc_spi.o
                                0x7de (size before relaxing)
 .debug_str     0x00000b0f      0x150 src/asf/avr32/components/memory/sd_mmc/sd_mmc_spi/sd_mmc_spi_mem.o
                                0x295 (size before relaxing)
 .debug_str     0x00000c5f      0xa5d src/asf/avr32/drivers/flashc/flashc.o
                                0xc2f (size before relaxing)
 .debug_str     0x000016bc      0x303 src/asf/avr32/drivers/gpio/gpio.o
                                0x533 (size before relaxing)
 .debug_str     0x000019bf      0x337 src/asf/avr32/drivers/intc/intc.o
                                0x438 (size before relaxing)
 .debug_str     0x00001cf6      0x1c4 src/asf/avr32/drivers/spi/spi.o
                                0x56d (size before relaxing)
 .debug_str     0x00001eba     0x389b src/asf/avr32/drivers/usbb/usbb_device.o
                               0x3be2 (size before relaxing)
 .debug_str     0x00005755      0x903 src/asf/avr32/services/fs/fat/fat.o
                                0xac4 (size before relaxing)
 .debug_str     0x00006058      0x6a2 src/asf/avr32/services/fs/fat/fat_unusual.o
                                0xaf0 (size before relaxing)
 .debug_str     0x000066fa      0x1c8 src/asf/avr32/services/fs/fat/file.o
                                0x530 (size before relaxing)
 .debug_str     0x000068c2      0x78b src/asf/avr32/services/fs/fat/navigation.o
                                0xbcf (size before relaxing)
 .debug_str     0x0000704d      0x323 src/asf/common/services/clock/uc3b0_b1/sysclk.o
                                0x7d1 (size before relaxing)
 .debug_str     0x00007370       0x33 src/asf/common/services/sleepmgr/uc3/sleepmgr.o
                                0x1c7 (size before relaxing)
 .debug_str     0x000073a3      0x12e src/asf/common/services/storage/ctrl_access/ctrl_access.o
                                0x2eb (size before relaxing)
 .debug_str     0x000074d1      0x2bf src/asf/common/services/usb/class/hid/device/kbd/udi_hid_kbd.o
                                0x4f1 (size before relaxing)
 .debug_str     0x00007790      0x425 src/asf/common/services/usb/class/hid/device/kbd/udi_hid_kbd_desc.o
                                0x5f8 (size before relaxing)
 .debug_str     0x00007bb5      0x217 src/asf/common/services/usb/class/hid/device/udi_hid.o
                                0x49c (size before relaxing)
 .debug_str     0x00007dcc      0x54c src/asf/common/services/usb/udc/udc.o
                                0xb06 (size before relaxing)
 .debug_str     0x00008318      0x212 src/main.o
                                0x6f9 (size before relaxing)
 .debug_str     0x0000852a       0x75 c:/program files (x86)/atmel/studio/7.0/toolchain/avr32/avr32-gnu-toolchain/bin/../lib/gcc/avr32/4.4.7/../../../../avr32/lib/ucr1\libc.a(lib_a-ctype_.o)
                                 0x92 (size before relaxing)
 .debug_str     0x0000859f       0x75 c:/program files (x86)/atmel/studio/7.0/toolchain/avr32/avr32-gnu-toolchain/bin/../lib/gcc/avr32/4.4.7/../../../../avr32/lib/ucr1\libc.a(lib_a-memcmp.o)
                                0x111 (size before relaxing)
 .debug_str     0x00008614       0x75 c:/program files (x86)/atmel/studio/7.0/toolchain/avr32/avr32-gnu-toolchain/bin/../lib/gcc/avr32/4.4.7/../../../../avr32/lib/ucr1\libc.a(lib_a-memset.o)
                                0x111 (size before relaxing)

.debug_loc      0x00000000     0x711c
 *(.debug_loc)
 .debug_loc     0x00000000       0x1f src/asf/avr32/boards/evk1101/init.o
 .debug_loc     0x0000001f      0x183 src/asf/avr32/boards/evk1101/led.o
 .debug_loc     0x000001a2      0x911 src/asf/avr32/components/memory/sd_mmc/sd_mmc_spi/sd_mmc_spi.o
 .debug_loc     0x00000ab3      0x131 src/asf/avr32/components/memory/sd_mmc/sd_mmc_spi/sd_mmc_spi_mem.o
 .debug_loc     0x00000be4     0x131a src/asf/avr32/drivers/flashc/flashc.o
 .debug_loc     0x00001efe      0x368 src/asf/avr32/drivers/gpio/gpio.o
 .debug_loc     0x00002266       0xb2 src/asf/avr32/drivers/intc/intc.o
 .debug_loc     0x00002318      0x376 src/asf/avr32/drivers/spi/spi.o
 .debug_loc     0x0000268e      0x66b src/asf/avr32/drivers/usbb/usbb_device.o
 .debug_loc     0x00002cf9      0xbbe src/asf/avr32/services/fs/fat/fat.o
 .debug_loc     0x000038b7     0x137b src/asf/avr32/services/fs/fat/fat_unusual.o
 .debug_loc     0x00004c32      0x5a0 src/asf/avr32/services/fs/fat/file.o
 .debug_loc     0x000051d2     0x11d1 src/asf/avr32/services/fs/fat/navigation.o
 .debug_loc     0x000063a3      0x154 src/asf/common/services/clock/uc3b0_b1/sysclk.o
 .debug_loc     0x000064f7      0x3d7 src/asf/common/services/storage/ctrl_access/ctrl_access.o
 .debug_loc     0x000068ce      0x247 src/asf/common/services/usb/class/hid/device/kbd/udi_hid_kbd.o
 .debug_loc     0x00006b15      0x15c src/asf/common/services/usb/class/hid/device/udi_hid.o
 .debug_loc     0x00006c71      0x3b0 src/asf/common/services/usb/udc/udc.o
 .debug_loc     0x00007021       0xbe src/main.o
 .debug_loc     0x000070df       0x3d c:/program files (x86)/atmel/studio/7.0/toolchain/avr32/avr32-gnu-toolchain/bin/../lib/gcc/avr32/4.4.7/../../../../avr32/lib/ucr1\libc.a(lib_a-memcmp.o)

.debug_macinfo  0x00000000  0x118233a
 *(.debug_macinfo)
 .debug_macinfo
                0x00000000    0xd41e0 src/asf/avr32/boards/evk1101/init.o
 .debug_macinfo
                0x000d41e0    0xd3d86 src/asf/avr32/boards/evk1101/led.o
 .debug_macinfo
                0x001a7f66    0xd533f src/asf/avr32/components/memory/sd_mmc/sd_mmc_spi/sd_mmc_spi.o
 .debug_macinfo
                0x0027d2a5    0xd5160 src/asf/avr32/components/memory/sd_mmc/sd_mmc_spi/sd_mmc_spi_mem.o
 .debug_macinfo
                0x00352405    0xd2ed6 src/asf/avr32/drivers/flashc/flashc.o
 .debug_macinfo
                0x004252db    0xd3033 src/asf/avr32/drivers/gpio/gpio.o
 .debug_macinfo
                0x004f830e    0xd2ee5 src/asf/avr32/drivers/intc/intc.o
 .debug_macinfo
                0x005cb1f3    0xd2de1 src/asf/avr32/drivers/spi/spi.o
 .debug_macinfo
                0x0069dfd4    0xdd9a0 src/asf/avr32/drivers/usbb/usbb_device.o
 .debug_macinfo
                0x0077b974    0xd648e src/asf/avr32/services/fs/fat/fat.o
 .debug_macinfo
                0x00851e02    0xd648f src/asf/avr32/services/fs/fat/fat_unusual.o
 .debug_macinfo
                0x00928291    0xd6530 src/asf/avr32/services/fs/fat/file.o
 .debug_macinfo
                0x009fe7c1    0xd67ad src/asf/avr32/services/fs/fat/navigation.o
 .debug_macinfo
                0x00ad4f6e    0xd50e4 src/asf/common/services/clock/uc3b0_b1/sysclk.o
 .debug_macinfo
                0x00baa052    0xd2eaa src/asf/common/services/sleepmgr/uc3/sleepmgr.o
 .debug_macinfo
                0x00c7cefc    0xd64a0 src/asf/common/services/storage/ctrl_access/ctrl_access.o
 .debug_macinfo
                0x00d5339c    0xd517a src/asf/common/services/usb/class/hid/device/kbd/udi_hid_kbd.o
 .debug_macinfo
                0x00e28516    0xd5047 src/asf/common/services/usb/class/hid/device/kbd/udi_hid_kbd_desc.o
 .debug_macinfo
                0x00efd55d    0xd503e src/asf/common/services/usb/class/hid/device/udi_hid.o
 .debug_macinfo
                0x00fd259b    0xd50d6 src/asf/common/services/usb/udc/udc.o
 .debug_macinfo
                0x010a7671    0xdacc9 src/main.o

.debug_weaknames
 *(.debug_weaknames)

.debug_funcnames
 *(.debug_funcnames)

.debug_typenames
 *(.debug_typenames)

.debug_varnames
 *(.debug_varnames)

.stack          0x00007000     0x1000
                0x00007000                _stack = .
 *(.stack)
                0x00001000                . = __stack_size__
 *fill*         0x00007000     0x1000 
                0x00008000                _estack = .

.userpage
 *(.userpage .userpage.*)

/DISCARD/
 *(.note.GNU-stack)
OUTPUT(duck.elf elf32-avr32)

.debug_ranges   0x00000000      0xe48
 .debug_ranges  0x00000000       0x18 src/asf/avr32/boards/evk1101/init.o
 .debug_ranges  0x00000018       0x70 src/asf/avr32/boards/evk1101/led.o
 .debug_ranges  0x00000088       0xe8 src/asf/avr32/components/memory/sd_mmc/sd_mmc_spi/sd_mmc_spi.o
 .debug_ranges  0x00000170       0x48 src/asf/avr32/components/memory/sd_mmc/sd_mmc_spi/sd_mmc_spi_mem.o
 .debug_ranges  0x000001b8      0x210 src/asf/avr32/drivers/flashc/flashc.o
 .debug_ranges  0x000003c8       0xf8 src/asf/avr32/drivers/gpio/gpio.o
 .debug_ranges  0x000004c0       0x48 src/asf/avr32/drivers/intc/intc.o
 .debug_ranges  0x00000508       0xa0 src/asf/avr32/drivers/spi/spi.o
 .debug_ranges  0x000005a8      0x140 src/asf/avr32/drivers/usbb/usbb_device.o
 .debug_ranges  0x000006e8      0x158 src/asf/avr32/services/fs/fat/fat.o
 .debug_ranges  0x00000840      0x120 src/asf/avr32/services/fs/fat/fat_unusual.o
 .debug_ranges  0x00000960       0x90 src/asf/avr32/services/fs/fat/file.o
 .debug_ranges  0x000009f0      0x228 src/asf/avr32/services/fs/fat/navigation.o
 .debug_ranges  0x00000c18       0x48 src/asf/common/services/clock/uc3b0_b1/sysclk.o
 .debug_ranges  0x00000c60       0x78 src/asf/common/services/storage/ctrl_access/ctrl_access.o
 .debug_ranges  0x00000cd8       0x70 src/asf/common/services/usb/class/hid/device/kbd/udi_hid_kbd.o
 .debug_ranges  0x00000d48       0x18 src/asf/common/services/usb/class/hid/device/udi_hid.o
 .debug_ranges  0x00000d60       0x58 src/asf/common/services/usb/udc/udc.o
 .debug_ranges  0x00000db8       0x60 src/main.o
 .debug_ranges  0x00000e18       0x18 c:/program files (x86)/atmel/studio/7.0/toolchain/avr32/avr32-gnu-toolchain/bin/../lib/gcc/avr32/4.4.7/../../../../avr32/lib/ucr1\libc.a(lib_a-memcmp.o)
 .debug_ranges  0x00000e30       0x18 c:/program files (x86)/atmel/studio/7.0/toolchain/avr32/avr32-gnu-toolchain/bin/../lib/gcc/avr32/4.4.7/../../../../avr32/lib/ucr1\libc.a(lib_a-memset.o)
